// Jest Snapshot v1, https://goo.gl/fbAQLP

exports[`YearPicker does not crash 1`] = `
<Styled(div)>
  <Styled(div)
    onClick={[Function]}
  />
  2017
  <Styled(div)
    onClick={[Function]}
    right={true}
  />
</Styled(div)>
`;
