// Jest Snapshot v1, https://goo.gl/fbAQLP

exports[`Dropdown does not crash 1`] = `
<withHandlers(Dropdown)
  renderContent={[Function]}
  renderHandler={[Function]}
  toggle={[Function]}
  toggledOn={false}
/>
`;
