// Jest Snapshot v1, https://goo.gl/fbAQLP

exports[`Button does not crash 1`] = `
<Styled(div)>
  title
</Styled(div)>
`;
