// Jest Snapshot v1, https://goo.gl/fbAQLP

exports[`Slider does not crash 1`] = `
<Styled(input)
  onChange={[Function]}
  type="range"
/>
`;
