// Jest Snapshot v1, https://goo.gl/fbAQLP

exports[`RadioButton does not crash 1`] = `
<div
  className="css-173444m e1dn8rdo0"
  value={true}
>
  title
</div>
`;
