// Jest Snapshot v1, https://goo.gl/fbAQLP

exports[`RadioGroup does not crash 1`] = `
<Styled(div)>
  <Button
    active={true}
    key=".0"
    onClick={[Function]}
    value={1}
  >
    Option 1
  </Button>
  <Button
    active={false}
    key=".1"
    onClick={[Function]}
    value={2}
  >
    Option 2
  </Button>
</Styled(div)>
`;
