// Jest Snapshot v1, https://goo.gl/fbAQLP

exports[`DropdownWrapper does not crash 1`] = `
<Styled(div)
  innerRef={[Function]}
>
  <Styled(div)
    onClick={[Function]}
  >
    Button
  </Styled(div)>
</Styled(div)>
`;
