// Jest Snapshot v1, https://goo.gl/fbAQLP

exports[`Legend does not crash 1`] = `
<Styled(div)>
  <Styled(div)
    color="#111111"
    key="1"
    width={20}
  />
  <Styled(div)
    color="#333333"
    key="2"
    width={20}
  />
  <Styled(div)
    color="#666666"
    key="3"
    width={20}
  />
  <Styled(div)
    color="#999999"
    key="4"
    width={20}
  />
  <Styled(div)
    color="#AAAAAA"
    key="5"
    width={20}
  />
  <Styled(div)
    key="1"
    width={20}
  >
    0
  </Styled(div)>
  <Styled(div)
    key="2"
    width={20}
  >
    100
  </Styled(div)>
  <Styled(div)
    key="3"
    width={20}
  >
    300
  </Styled(div)>
  <Styled(div)
    key="4"
    width={20}
  >
    600
  </Styled(div)>
  <Styled(div)
    key="5"
    width={20}
  >
    900
  </Styled(div)>
</Styled(div)>
`;

exports[`Legend got an empty array 1`] = `""`;
